[www.edityouraudio.com/vocal-remover/index.html]
[backblue.gif]
[fade.gif]
[index.html]
[www.edityouraudio.com/ms-icon-144x144.html]
[www.edityouraudio.com/apple-touch-icon-57x57.html]
[www.edityouraudio.com/apple-touch-icon-60x60.html]
[www.edityouraudio.com/apple-touch-icon-72x72.html]
[www.edityouraudio.com/apple-touch-icon-76x76.html]
[www.edityouraudio.com/apple-touch-icon-114x114.html]
[www.edityouraudio.com/apple-touch-icon-120x120.html]
[www.edityouraudio.com/apple-touch-icon-144x144.html]
[www.edityouraudio.com/apple-touch-icon-152x152.html]
[www.edityouraudio.com/apple-touch-icon-180x180.html]
[www.edityouraudio.com/favicon-16x16.html]
[www.edityouraudio.com/favicon-32x32.html]
[www.edityouraudio.com/favicon-96x96.html]
[www.edityouraudio.com/android-chrome-192x192.html]
[www.edityouraudio.com/smalltile.html]
[www.edityouraudio.com/mediumtile.html]
[www.edityouraudio.com/widetile.html]
[www.edityouraudio.com/largetile.html]
[www.edityouraudio.com/static/css/24.21d49cea.chunk.css]
[www.edityouraudio.com/cdn-cgi/bm/cv/669835187/api.js]
[www.edityouraudio.com/static/css/main.190e97c8.chunk.css]
[www.edityouraudio.com/logo/logo-new.png]
[polyfill.io/v3/polyfill.min2da9.js]
[www.edityouraudio.com/vocal-remover/index.html]
[www.edityouraudio.com/static/js/24.7865ab6b.chunk.js]
[www.edityouraudio.com/static/js/main.406c6de1.chunk.js]
[www.edityouraudio.com/logo/favicon.ico]
[www.edityouraudio.com/manifest.json]
[www.edityouraudio.com/ms-icon-144x144.html]
[www.edityouraudio.com/apple-touch-icon-57x57.html]
[www.edityouraudio.com/apple-touch-icon-60x60.html]
[www.edityouraudio.com/apple-touch-icon-72x72.html]
[www.edityouraudio.com/apple-touch-icon-76x76.html]
[www.edityouraudio.com/apple-touch-icon-114x114.html]
[www.edityouraudio.com/apple-touch-icon-120x120.html]
[www.edityouraudio.com/apple-touch-icon-144x144.html]
[www.edityouraudio.com/apple-touch-icon-152x152.html]
[www.edityouraudio.com/apple-touch-icon-180x180.html]
[www.edityouraudio.com/favicon-16x16.html]
[www.edityouraudio.com/favicon-32x32.html]
[www.edityouraudio.com/favicon-96x96.html]
[www.edityouraudio.com/android-chrome-192x192.html]
[www.edityouraudio.com/smalltile.html]
[www.edityouraudio.com/mediumtile.html]
[www.edityouraudio.com/widetile.html]
[www.edityouraudio.com/largetile.html]
[www.edityouraudio.com/static/css/24.21d49cea.chunk.css]
[www.edityouraudio.com/static/css/main.190e97c8.chunk.css]
